// Jest Snapshot v1, https://jestjs.io/docs/snapshot-testing

exports[`renderShieldProfile matches the recorded profile 1`] = `
"# Shield Data Profile

## 1. Id density

| metric        | value |
|---------------|-------|
| entries       | 15    |
| unique ids    | 15    |
| id range      | 1–15  |
| duplicate ids | none  |
| gaps          | none  |

## 2. Rarity distribution

| rarity    | count | %      |
|-----------|-------|--------|
| basic     | 4     | 26.7%  |
| rare      | 3     | 20.0%  |
| epic      | 7     | 46.7%  |
| legendary | 1     | 6.7%   |
| total     | 15    | 100.0% |

## 3. Armor class range by rarity

| rarity    | armorClass     |
|-----------|----------------|
| basic     | 1–1 (median 1) |
| rare      | 2–3 (median 2) |
| epic      | 1–3 (median 1) |
| legendary | 3–3 (median 3) |

## 4. Properties distribution by rarity

| rarity    | light | medium | heavy |
|-----------|-------|--------|-------|
| basic     | 4     | 0      | 0     |
| rare      | 0     | 2      | 1     |
| epic      | 4     | 2      | 1     |
| legendary | 0     | 0      | 1     |

## 5. Enchantment point sum by rarity

| rarity    | entries | modal sum | off-ladder ids |
|-----------|---------|-----------|----------------|
| basic     | 4       | 0         | none           |
| rare      | 3       | 0         | none           |
| epic      | 7       | 0         | none           |
| legendary | 1       | 50        | none           |

## 6. Refinements by rarity

| rarity    | entries | modal refinements | off-ladder ids |
|-----------|---------|-------------------|----------------|
| basic     | 4       | 0                 | none           |
| rare      | 3       | 0                 | none           |
| epic      | 7       | 1                 | none           |
| legendary | 1       | 1                 | none           |"
`;
